 
****************************************
Report : timing
        -path full
        -delay max
        -derate
        -input_pins
        -nets
        -slack_lesser_than 0.0000
        -max_paths 10000
        -transition_time
        -crosstalk_delta
        -capacitance
Design : adder_1b
Version: Q-2019.12-SP3
Date   : Wed Feb  1 13:51:33 2023
****************************************

Operating Conditions: ss0p95v125c   Library: saed32rvt_ss0p95v125c
Wire Load Model Mode: enclosed

  Startpoint: b[1] (input port)
  Endpoint: sum[3] (output port)
  Path Group: default
  Path Type: max

  Des/Clust/Port     Wire Load Model       Library
  ------------------------------------------------
  adder_1b           ForQA                 saed32rvt_ss0p95v125c

  Point                        Fanout       Cap     DTran     Trans     Delta     Derate      Incr       Path
  --------------------------------------------------------------------------------------------------------------
  input external delay                                                                      0.0000     0.0000 r
  b[1] (in)                                                  0.0000                         0.0000     0.0000 r
  b[1] (net)                     5       4.8894                                             0.0000     0.0000 r
  U14/A2 (NAND2X0_RVT)                             0.0000    0.0000    0.0000               0.0000     0.0000 r
  U14/Y (NAND2X0_RVT)                                        0.0361                         0.0296     0.0296 f
  n6 (net)                       1       0.8456                                             0.0000     0.0296 f
  U13/A1 (AND2X1_RVT)                              0.0000    0.0361    0.0000               0.0000     0.0296 f
  U13/Y (AND2X1_RVT)                                         0.0352                         0.0656     0.0952 f
  n28 (net)                      3       2.3960                                             0.0000     0.0952 f
  U12/A2 (NAND2X0_RVT)                             0.0000    0.0352    0.0000               0.0000     0.0952 f
  U12/Y (NAND2X0_RVT)                                        0.0411                         0.0454     0.1406 r
  n15 (net)                      1       0.7863                                             0.0000     0.1406 r
  U31/A4 (OA22X1_RVT)                              0.0000    0.0411    0.0000               0.0000     0.1406 r
  U31/Y (OA22X1_RVT)                                         0.0325                         0.0674     0.2080 r
  n24 (net)                      1       0.8467                                             0.0000     0.2080 r
  U19/A1 (AND2X1_RVT)                              0.0000    0.0325    0.0000               0.0000     0.2080 r
  U19/Y (AND2X1_RVT)                                         0.0200                         0.0463     0.2543 r
  sum[3] (net)                   1       0.2433                                             0.0000     0.2543 r
  sum[3] (out)                                     0.0000    0.0200    0.0000               0.0000     0.2543 r
  data arrival time                                                                                    0.2543

  max_delay                                                                                 0.0000     0.0000
  output external delay                                                                     0.0000     0.0000
  data required time                                                                                   0.0000
  --------------------------------------------------------------------------------------------------------------
  data required time                                                                                   0.0000
  data arrival time                                                                                   -0.2543
  --------------------------------------------------------------------------------------------------------------
  slack (VIOLATED)                                                                                    -0.2543


  Startpoint: a[0] (input port)
  Endpoint: cout (output port)
  Path Group: default
  Path Type: max

  Des/Clust/Port     Wire Load Model       Library
  ------------------------------------------------
  adder_1b           ForQA                 saed32rvt_ss0p95v125c

  Point                        Fanout       Cap     DTran     Trans     Delta     Derate      Incr       Path
  --------------------------------------------------------------------------------------------------------------
  input external delay                                                                      0.0000     0.0000 f
  a[0] (in)                                                  0.0000                         0.0000     0.0000 f
  a[0] (net)                     5      25.2485                                             0.0000     0.0000 f
  U16/A (INVX32_RVT)                               0.0000    0.0000    0.0000               0.0000     0.0000 f
  U16/Y (INVX32_RVT)                                         0.0035                         0.0072     0.0072 r
  n7 (net)                       1       0.7105                                             0.0000     0.0072 r
  U18/A2 (NAND2X0_RVT)                             0.0000    0.0035    0.0000               0.0000     0.0072 r
  U18/Y (NAND2X0_RVT)                                        0.0350                         0.0299     0.0372 f
  n12 (net)                      1       0.7931                                             0.0000     0.0372 f
  U22/A1 (NAND2X0_RVT)                             0.0000    0.0350    0.0000               0.0000     0.0372 f
  U22/Y (NAND2X0_RVT)                                        0.0609                         0.0574     0.0946 r
  n9 (net)                       2       1.7442                                             0.0000     0.0946 r
  U21/A2 (NAND4X0_RVT)                             0.0000    0.0609    0.0000               0.0000     0.0946 r
  U21/Y (NAND4X0_RVT)                                        0.0685                         0.0663     0.1609 f
  n29 (net)                      1       0.6935                                             0.0000     0.1609 f
  U34/A3 (AND3X1_RVT)                              0.0000    0.0685    0.0000               0.0000     0.1609 f
  U34/Y (AND3X1_RVT)                                         0.0267                         0.0851     0.2460 f
  cout (net)                     1       0.2433                                             0.0000     0.2460 f
  cout (out)                                       0.0000    0.0267    0.0000               0.0000     0.2460 f
  data arrival time                                                                                    0.2460

  max_delay                                                                                 0.0000     0.0000
  output external delay                                                                     0.0000     0.0000
  data required time                                                                                   0.0000
  --------------------------------------------------------------------------------------------------------------
  data required time                                                                                   0.0000
  data arrival time                                                                                   -0.2460
  --------------------------------------------------------------------------------------------------------------
  slack (VIOLATED)                                                                                    -0.2460


  Startpoint: b[0] (input port)
  Endpoint: sum[2] (output port)
  Path Group: default
  Path Type: max

  Des/Clust/Port     Wire Load Model       Library
  ------------------------------------------------
  adder_1b           ForQA                 saed32rvt_ss0p95v125c

  Point                        Fanout       Cap     DTran     Trans     Delta     Derate      Incr       Path
  --------------------------------------------------------------------------------------------------------------
  input external delay                                                                      0.0000     0.0000 r
  b[0] (in)                                                  0.0000                         0.0000     0.0000 r
  b[0] (net)                     6       8.2185                                             0.0000     0.0000 r
  U26/A2 (AND2X1_RVT)                              0.0000    0.0000    0.0000               0.0000     0.0000 r
  U26/Y (AND2X1_RVT)                                         0.0322                         0.0519     0.0519 r
  n11 (net)                      2       1.9293                                             0.0000     0.0519 r
  U25/A1 (OR2X1_RVT)                               0.0000    0.0322    0.0000               0.0000     0.0519 r
  U25/Y (OR2X1_RVT)                                          0.0245                         0.0580     0.1099 r
  n19 (net)                      1       0.7863                                             0.0000     0.1099 r
  U35/A4 (OA22X1_RVT)                              0.0000    0.0245    0.0000               0.0000     0.1099 r
  U35/Y (OA22X1_RVT)                                         0.0352                         0.0652     0.1752 r
  n20 (net)                      1       1.1807                                             0.0000     0.1752 r
  U36/A3 (XOR3X2_RVT)                              0.0000    0.0352    0.0000               0.0000     0.1752 r
  U36/Y (XOR3X2_RVT)                                         0.0431                         0.0687     0.2439 f
  sum[2] (net)                   1       0.2433                                             0.0000     0.2439 f
  sum[2] (out)                                     0.0000    0.0431    0.0000               0.0000     0.2439 f
  data arrival time                                                                                    0.2439

  max_delay                                                                                 0.0000     0.0000
  output external delay                                                                     0.0000     0.0000
  data required time                                                                                   0.0000
  --------------------------------------------------------------------------------------------------------------
  data required time                                                                                   0.0000
  data arrival time                                                                                   -0.2439
  --------------------------------------------------------------------------------------------------------------
  slack (VIOLATED)                                                                                    -0.2439


  Startpoint: a[1] (input port)
  Endpoint: sum[1] (output port)
  Path Group: default
  Path Type: max

  Des/Clust/Port     Wire Load Model       Library
  ------------------------------------------------
  adder_1b           ForQA                 saed32rvt_ss0p95v125c

  Point                        Fanout       Cap     DTran     Trans     Delta     Derate      Incr       Path
  --------------------------------------------------------------------------------------------------------------
  input external delay                                                                      0.0000     0.0000 f
  a[1] (in)                                                  0.0000                         0.0000     0.0000 f
  a[1] (net)                     5       5.0397                                             0.0000     0.0000 f
  U39/A2 (XOR3X2_RVT)                              0.0000    0.0000    0.0000               0.0000     0.0000 f
  U39/Y (XOR3X2_RVT)                                         0.0431                         0.1420     0.1420 f
  sum[1] (net)                   1       0.2433                                             0.0000     0.1420 f
  sum[1] (out)                                     0.0000    0.0431    0.0000               0.0000     0.1420 f
  data arrival time                                                                                    0.1420

  max_delay                                                                                 0.0000     0.0000
  output external delay                                                                     0.0000     0.0000
  data required time                                                                                   0.0000
  --------------------------------------------------------------------------------------------------------------
  data required time                                                                                   0.0000
  data arrival time                                                                                   -0.1420
  --------------------------------------------------------------------------------------------------------------
  slack (VIOLATED)                                                                                    -0.1420


  Startpoint: b[0] (input port)
  Endpoint: sum[0] (output port)
  Path Group: default
  Path Type: max

  Des/Clust/Port     Wire Load Model       Library
  ------------------------------------------------
  adder_1b           ForQA                 saed32rvt_ss0p95v125c

  Point                        Fanout       Cap     DTran     Trans     Delta     Derate      Incr       Path
  --------------------------------------------------------------------------------------------------------------
  input external delay                                                                      0.0000     0.0000 f
  b[0] (in)                                                  0.0000                         0.0000     0.0000 f
  b[0] (net)                     6       8.1750                                             0.0000     0.0000 f
  U38/A2 (XOR3X2_RVT)                              0.0000    0.0000    0.0000               0.0000     0.0000 f
  U38/Y (XOR3X2_RVT)                                         0.0431                         0.1420     0.1420 f
  sum[0] (net)                   1       0.2433                                             0.0000     0.1420 f
  sum[0] (out)                                     0.0000    0.0431    0.0000               0.0000     0.1420 f
  data arrival time                                                                                    0.1420

  max_delay                                                                                 0.0000     0.0000
  output external delay                                                                     0.0000     0.0000
  data required time                                                                                   0.0000
  --------------------------------------------------------------------------------------------------------------
  data required time                                                                                   0.0000
  data arrival time                                                                                   -0.1420
  --------------------------------------------------------------------------------------------------------------
  slack (VIOLATED)                                                                                    -0.1420


1
