 
****************************************
Report : constraint
        -all_violators
Design : adder_1c
Version: Q-2019.12-SP3
Date   : Wed Feb  1 13:05:06 2023
****************************************


   max_delay/setup ('default' group)

                             Required        Actual
   Endpoint                 Path Delay     Path Delay        Slack
   -----------------------------------------------------------------
   SUM[3]                       0.00           0.31 f        -0.31  (VIOLATED)
   C_OUT                        0.00           0.31 r        -0.31  (VIOLATED)
   SUM[2]                       0.00           0.28 f        -0.28  (VIOLATED)
   SUM[1]                       0.00           0.21 f        -0.21  (VIOLATED)
   SUM[0]                       0.00           0.14 f        -0.14  (VIOLATED)


   max_leakage_power

                             Required        Actual
   Design                   Leakage Power  Leakage Power     Slack
   -----------------------------------------------------------------
   adder_1c                     0.00       3474461.50     -3474461.50
                                                                    (VIOLATED)


1
